// Jest Snapshot v1, https://goo.gl/fbAQLP

exports[`Pruebas en <Calculator /> Debe mostrarse correctamente 1`] = `ShallowWrapper {}`;
